// Jest Snapshot v1, https://goo.gl/fbAQLP

exports[`UserPacksPage component UserPacksPage snapshot 1`] = `
Object {
  "asFragment": [Function],
  "baseElement": <body>
    <div>
      <div
        class="root"
        data-testid="user-profile-page"
      >
        <ul
          class="userInfoList"
        >
          <li
            class="profileListItem"
          >
            <label>
              Photo
            </label>
            <div
              class="avatar"
            >
              <img
                alt="unnamed.jpg"
                src="unnamed.jpg"
              />
            </div>
          </li>
          <li
            class="profileListItem"
          >
            <label>
              Username
            </label>
            <p />
          </li>
          <li
            class="profileListItem"
          >
            <label>
              Email
            </label>
            <input
              value=""
            />
          </li>
          <li
            class="profileListItem"
          >
            <label>
              Name
            </label>
            <input
              value=""
            />
          </li>
          <div
            class="downloadPack"
          >
            <h1>
              Update
            </h1>
            <div
              class="platformBtn"
            >
              <button
                class="platformBtn update"
              >
                Update
              </button>
            </div>
          </div>
          <div
            class="downloadPack"
          >
            <h1>
              DownLoad
            </h1>
            <a
              data-testid="create-pack-link"
              href="/profile/create"
            >
              <div
                class="platformBtn"
              >
                <button
                  class="platformBtn update"
                >
                  DownLoad
                </button>
              </div>
            </a>
          </div>
          <div
            class="downloadPack"
          >
            <h1>
              Packs
            </h1>
            <a
              data-testid="user-packs-link"
              href="/profile/packs"
            >
              <div
                class="platformBtn"
              >
                <button
                  class="platformBtn update"
                >
                  Packs
                </button>
              </div>
            </a>
          </div>
        </ul>
      </div>
    </div>
  </body>,
  "container": <div>
    <div
      class="root"
      data-testid="user-profile-page"
    >
      <ul
        class="userInfoList"
      >
        <li
          class="profileListItem"
        >
          <label>
            Photo
          </label>
          <div
            class="avatar"
          >
            <img
              alt="unnamed.jpg"
              src="unnamed.jpg"
            />
          </div>
        </li>
        <li
          class="profileListItem"
        >
          <label>
            Username
          </label>
          <p />
        </li>
        <li
          class="profileListItem"
        >
          <label>
            Email
          </label>
          <input
            value=""
          />
        </li>
        <li
          class="profileListItem"
        >
          <label>
            Name
          </label>
          <input
            value=""
          />
        </li>
        <div
          class="downloadPack"
        >
          <h1>
            Update
          </h1>
          <div
            class="platformBtn"
          >
            <button
              class="platformBtn update"
            >
              Update
            </button>
          </div>
        </div>
        <div
          class="downloadPack"
        >
          <h1>
            DownLoad
          </h1>
          <a
            data-testid="create-pack-link"
            href="/profile/create"
          >
            <div
              class="platformBtn"
            >
              <button
                class="platformBtn update"
              >
                DownLoad
              </button>
            </div>
          </a>
        </div>
        <div
          class="downloadPack"
        >
          <h1>
            Packs
          </h1>
          <a
            data-testid="user-packs-link"
            href="/profile/packs"
          >
            <div
              class="platformBtn"
            >
              <button
                class="platformBtn update"
              >
                Packs
              </button>
            </div>
          </a>
        </div>
      </ul>
    </div>
  </div>,
  "debug": [Function],
  "findAllByAltText": [Function],
  "findAllByDisplayValue": [Function],
  "findAllByLabelText": [Function],
  "findAllByPlaceholderText": [Function],
  "findAllByRole": [Function],
  "findAllByTestId": [Function],
  "findAllByText": [Function],
  "findAllByTitle": [Function],
  "findByAltText": [Function],
  "findByDisplayValue": [Function],
  "findByLabelText": [Function],
  "findByPlaceholderText": [Function],
  "findByRole": [Function],
  "findByTestId": [Function],
  "findByText": [Function],
  "findByTitle": [Function],
  "getAllByAltText": [Function],
  "getAllByDisplayValue": [Function],
  "getAllByLabelText": [Function],
  "getAllByPlaceholderText": [Function],
  "getAllByRole": [Function],
  "getAllByTestId": [Function],
  "getAllByText": [Function],
  "getAllByTitle": [Function],
  "getByAltText": [Function],
  "getByDisplayValue": [Function],
  "getByLabelText": [Function],
  "getByPlaceholderText": [Function],
  "getByRole": [Function],
  "getByTestId": [Function],
  "getByText": [Function],
  "getByTitle": [Function],
  "queryAllByAltText": [Function],
  "queryAllByDisplayValue": [Function],
  "queryAllByLabelText": [Function],
  "queryAllByPlaceholderText": [Function],
  "queryAllByRole": [Function],
  "queryAllByTestId": [Function],
  "queryAllByText": [Function],
  "queryAllByTitle": [Function],
  "queryByAltText": [Function],
  "queryByDisplayValue": [Function],
  "queryByLabelText": [Function],
  "queryByPlaceholderText": [Function],
  "queryByRole": [Function],
  "queryByTestId": [Function],
  "queryByText": [Function],
  "queryByTitle": [Function],
  "rerender": [Function],
  "unmount": [Function],
}
`;

exports[`UserProfilePage component userProfilePage snapshot 1`] = `
Object {
  "asFragment": [Function],
  "baseElement": <body>
    <div>
      <div
        class="root"
        data-testid="user-profile-page"
      >
        <ul
          class="userInfoList"
        >
          <li
            class="profileListItem"
          >
            <label>
              Photo
            </label>
            <div
              class="avatar"
            >
              <img
                alt="unnamed.jpg"
                src="unnamed.jpg"
              />
            </div>
          </li>
          <li
            class="profileListItem"
          >
            <label>
              Username
            </label>
            <p />
          </li>
          <li
            class="profileListItem"
          >
            <label>
              Email
            </label>
            <input
              value=""
            />
          </li>
          <li
            class="profileListItem"
          >
            <label>
              Name
            </label>
            <input
              value=""
            />
          </li>
          <div
            class="downloadPack"
          >
            <h1>
              Update
            </h1>
            <div
              class="platformBtn"
            >
              <button
                class="platformBtn update"
              >
                Update
              </button>
            </div>
          </div>
          <div
            class="downloadPack"
          >
            <h1>
              DownLoad
            </h1>
            <a
              data-testid="create-pack-link"
              href="/profile/create"
            >
              <div
                class="platformBtn"
              >
                <button
                  class="platformBtn update"
                >
                  DownLoad
                </button>
              </div>
            </a>
          </div>
          <div
            class="downloadPack"
          >
            <h1>
              Packs
            </h1>
            <a
              data-testid="user-packs-link"
              href="/profile/packs"
            >
              <div
                class="platformBtn"
              >
                <button
                  class="platformBtn update"
                >
                  Packs
                </button>
              </div>
            </a>
          </div>
        </ul>
      </div>
    </div>
  </body>,
  "container": <div>
    <div
      class="root"
      data-testid="user-profile-page"
    >
      <ul
        class="userInfoList"
      >
        <li
          class="profileListItem"
        >
          <label>
            Photo
          </label>
          <div
            class="avatar"
          >
            <img
              alt="unnamed.jpg"
              src="unnamed.jpg"
            />
          </div>
        </li>
        <li
          class="profileListItem"
        >
          <label>
            Username
          </label>
          <p />
        </li>
        <li
          class="profileListItem"
        >
          <label>
            Email
          </label>
          <input
            value=""
          />
        </li>
        <li
          class="profileListItem"
        >
          <label>
            Name
          </label>
          <input
            value=""
          />
        </li>
        <div
          class="downloadPack"
        >
          <h1>
            Update
          </h1>
          <div
            class="platformBtn"
          >
            <button
              class="platformBtn update"
            >
              Update
            </button>
          </div>
        </div>
        <div
          class="downloadPack"
        >
          <h1>
            DownLoad
          </h1>
          <a
            data-testid="create-pack-link"
            href="/profile/create"
          >
            <div
              class="platformBtn"
            >
              <button
                class="platformBtn update"
              >
                DownLoad
              </button>
            </div>
          </a>
        </div>
        <div
          class="downloadPack"
        >
          <h1>
            Packs
          </h1>
          <a
            data-testid="user-packs-link"
            href="/profile/packs"
          >
            <div
              class="platformBtn"
            >
              <button
                class="platformBtn update"
              >
                Packs
              </button>
            </div>
          </a>
        </div>
      </ul>
    </div>
  </div>,
  "debug": [Function],
  "findAllByAltText": [Function],
  "findAllByDisplayValue": [Function],
  "findAllByLabelText": [Function],
  "findAllByPlaceholderText": [Function],
  "findAllByRole": [Function],
  "findAllByTestId": [Function],
  "findAllByText": [Function],
  "findAllByTitle": [Function],
  "findByAltText": [Function],
  "findByDisplayValue": [Function],
  "findByLabelText": [Function],
  "findByPlaceholderText": [Function],
  "findByRole": [Function],
  "findByTestId": [Function],
  "findByText": [Function],
  "findByTitle": [Function],
  "getAllByAltText": [Function],
  "getAllByDisplayValue": [Function],
  "getAllByLabelText": [Function],
  "getAllByPlaceholderText": [Function],
  "getAllByRole": [Function],
  "getAllByTestId": [Function],
  "getAllByText": [Function],
  "getAllByTitle": [Function],
  "getByAltText": [Function],
  "getByDisplayValue": [Function],
  "getByLabelText": [Function],
  "getByPlaceholderText": [Function],
  "getByRole": [Function],
  "getByTestId": [Function],
  "getByText": [Function],
  "getByTitle": [Function],
  "queryAllByAltText": [Function],
  "queryAllByDisplayValue": [Function],
  "queryAllByLabelText": [Function],
  "queryAllByPlaceholderText": [Function],
  "queryAllByRole": [Function],
  "queryAllByTestId": [Function],
  "queryAllByText": [Function],
  "queryAllByTitle": [Function],
  "queryByAltText": [Function],
  "queryByDisplayValue": [Function],
  "queryByLabelText": [Function],
  "queryByPlaceholderText": [Function],
  "queryByRole": [Function],
  "queryByTestId": [Function],
  "queryByText": [Function],
  "queryByTitle": [Function],
  "rerender": [Function],
  "unmount": [Function],
}
`;
