// Jest Snapshot v1, https://goo.gl/fbAQLP

exports[`App component App snapshot 1`] = `
Object {
  "asFragment": [Function],
  "baseElement": <body>
    <div>
      <div
        data-testid="login-page"
      >
        <div
          class="root"
        >
          <div
            class="bgAuthImage"
          />
          <form
            class="authBox"
          >
            <div
              class="authLabel"
            >
              <h1>
                Log In to Your Splice Account!
              </h1>
            </div>
            <div
              class="textbox"
            >
              <input
                name="email"
                placeholder="Email"
                type="email"
                value=""
              />
              <p />
            </div>
            <div
              class="textbox"
            >
              <input
                name="password"
                placeholder="Password"
                type="password"
                value=""
              />
              <p />
            </div>
            <div
              class="platformBtn"
            >
              <button
                class="platformBtn auth"
                type="submit"
              >
                Log In
              </button>
            </div>
            <div
              class="formFooter"
            >
              <p>
                Don't have an account?
              </p>
              <a
                class=""
                data-testid="registration-link"
                href="/registration"
              >
                Sign up?
              </a>
            </div>
          </form>
        </div>
      </div>
      <div
        data-testid="login-page"
      >
        <div
          class="root"
        >
          <div
            class="bgAuthImage"
          />
          <form
            class="authBox"
          >
            <div
              class="authLabel"
            >
              <h1>
                Log In to Your Splice Account!
              </h1>
            </div>
            <div
              class="textbox"
            >
              <input
                name="email"
                placeholder="Email"
                type="email"
                value=""
              />
              <p />
            </div>
            <div
              class="textbox"
            >
              <input
                name="password"
                placeholder="Password"
                type="password"
                value=""
              />
              <p />
            </div>
            <div
              class="platformBtn"
            >
              <button
                class="platformBtn auth"
                type="submit"
              >
                Log In
              </button>
            </div>
            <div
              class="formFooter"
            >
              <p>
                Don't have an account?
              </p>
              <a
                class=""
                data-testid="registration-link"
                href="/registration"
              >
                Sign up?
              </a>
            </div>
          </form>
        </div>
      </div>
    </div>
  </body>,
  "container": <div>
    <div
      data-testid="login-page"
    >
      <div
        class="root"
      >
        <div
          class="bgAuthImage"
        />
        <form
          class="authBox"
        >
          <div
            class="authLabel"
          >
            <h1>
              Log In to Your Splice Account!
            </h1>
          </div>
          <div
            class="textbox"
          >
            <input
              name="email"
              placeholder="Email"
              type="email"
              value=""
            />
            <p />
          </div>
          <div
            class="textbox"
          >
            <input
              name="password"
              placeholder="Password"
              type="password"
              value=""
            />
            <p />
          </div>
          <div
            class="platformBtn"
          >
            <button
              class="platformBtn auth"
              type="submit"
            >
              Log In
            </button>
          </div>
          <div
            class="formFooter"
          >
            <p>
              Don't have an account?
            </p>
            <a
              class=""
              data-testid="registration-link"
              href="/registration"
            >
              Sign up?
            </a>
          </div>
        </form>
      </div>
    </div>
    <div
      data-testid="login-page"
    >
      <div
        class="root"
      >
        <div
          class="bgAuthImage"
        />
        <form
          class="authBox"
        >
          <div
            class="authLabel"
          >
            <h1>
              Log In to Your Splice Account!
            </h1>
          </div>
          <div
            class="textbox"
          >
            <input
              name="email"
              placeholder="Email"
              type="email"
              value=""
            />
            <p />
          </div>
          <div
            class="textbox"
          >
            <input
              name="password"
              placeholder="Password"
              type="password"
              value=""
            />
            <p />
          </div>
          <div
            class="platformBtn"
          >
            <button
              class="platformBtn auth"
              type="submit"
            >
              Log In
            </button>
          </div>
          <div
            class="formFooter"
          >
            <p>
              Don't have an account?
            </p>
            <a
              class=""
              data-testid="registration-link"
              href="/registration"
            >
              Sign up?
            </a>
          </div>
        </form>
      </div>
    </div>
  </div>,
  "debug": [Function],
  "findAllByAltText": [Function],
  "findAllByDisplayValue": [Function],
  "findAllByLabelText": [Function],
  "findAllByPlaceholderText": [Function],
  "findAllByRole": [Function],
  "findAllByTestId": [Function],
  "findAllByText": [Function],
  "findAllByTitle": [Function],
  "findByAltText": [Function],
  "findByDisplayValue": [Function],
  "findByLabelText": [Function],
  "findByPlaceholderText": [Function],
  "findByRole": [Function],
  "findByTestId": [Function],
  "findByText": [Function],
  "findByTitle": [Function],
  "getAllByAltText": [Function],
  "getAllByDisplayValue": [Function],
  "getAllByLabelText": [Function],
  "getAllByPlaceholderText": [Function],
  "getAllByRole": [Function],
  "getAllByTestId": [Function],
  "getAllByText": [Function],
  "getAllByTitle": [Function],
  "getByAltText": [Function],
  "getByDisplayValue": [Function],
  "getByLabelText": [Function],
  "getByPlaceholderText": [Function],
  "getByRole": [Function],
  "getByTestId": [Function],
  "getByText": [Function],
  "getByTitle": [Function],
  "queryAllByAltText": [Function],
  "queryAllByDisplayValue": [Function],
  "queryAllByLabelText": [Function],
  "queryAllByPlaceholderText": [Function],
  "queryAllByRole": [Function],
  "queryAllByTestId": [Function],
  "queryAllByText": [Function],
  "queryAllByTitle": [Function],
  "queryByAltText": [Function],
  "queryByDisplayValue": [Function],
  "queryByLabelText": [Function],
  "queryByPlaceholderText": [Function],
  "queryByRole": [Function],
  "queryByTestId": [Function],
  "queryByText": [Function],
  "queryByTitle": [Function],
  "rerender": [Function],
  "unmount": [Function],
}
`;

exports[`LoginPage component LoginPage snapshot 1`] = `
Object {
  "asFragment": [Function],
  "baseElement": <body>
    <div>
      <div
        data-testid="login-page"
      >
        <div
          class="root"
        >
          <div
            class="bgAuthImage"
          />
          <form
            class="authBox"
          >
            <div
              class="authLabel"
            >
              <h1>
                Log In to Your Splice Account!
              </h1>
            </div>
            <div
              class="textbox"
            >
              <input
                name="email"
                placeholder="Email"
                type="email"
                value=""
              />
              <p />
            </div>
            <div
              class="textbox"
            >
              <input
                name="password"
                placeholder="Password"
                type="password"
                value=""
              />
              <p />
            </div>
            <div
              class="platformBtn"
            >
              <button
                class="platformBtn auth"
                type="submit"
              >
                Log In
              </button>
            </div>
            <div
              class="formFooter"
            >
              <p>
                Don't have an account?
              </p>
              <a
                class=""
                data-testid="registration-link"
                href="/registration"
              >
                Sign up?
              </a>
            </div>
          </form>
        </div>
      </div>
      <div
        data-testid="login-page"
      >
        <div
          class="root"
        >
          <div
            class="bgAuthImage"
          />
          <form
            class="authBox"
          >
            <div
              class="authLabel"
            >
              <h1>
                Log In to Your Splice Account!
              </h1>
            </div>
            <div
              class="textbox"
            >
              <input
                name="email"
                placeholder="Email"
                type="email"
                value=""
              />
              <p />
            </div>
            <div
              class="textbox"
            >
              <input
                name="password"
                placeholder="Password"
                type="password"
                value=""
              />
              <p />
            </div>
            <div
              class="platformBtn"
            >
              <button
                class="platformBtn auth"
                type="submit"
              >
                Log In
              </button>
            </div>
            <div
              class="formFooter"
            >
              <p>
                Don't have an account?
              </p>
              <a
                class=""
                data-testid="registration-link"
                href="/registration"
              >
                Sign up?
              </a>
            </div>
          </form>
        </div>
      </div>
    </div>
  </body>,
  "container": <div>
    <div
      data-testid="login-page"
    >
      <div
        class="root"
      >
        <div
          class="bgAuthImage"
        />
        <form
          class="authBox"
        >
          <div
            class="authLabel"
          >
            <h1>
              Log In to Your Splice Account!
            </h1>
          </div>
          <div
            class="textbox"
          >
            <input
              name="email"
              placeholder="Email"
              type="email"
              value=""
            />
            <p />
          </div>
          <div
            class="textbox"
          >
            <input
              name="password"
              placeholder="Password"
              type="password"
              value=""
            />
            <p />
          </div>
          <div
            class="platformBtn"
          >
            <button
              class="platformBtn auth"
              type="submit"
            >
              Log In
            </button>
          </div>
          <div
            class="formFooter"
          >
            <p>
              Don't have an account?
            </p>
            <a
              class=""
              data-testid="registration-link"
              href="/registration"
            >
              Sign up?
            </a>
          </div>
        </form>
      </div>
    </div>
    <div
      data-testid="login-page"
    >
      <div
        class="root"
      >
        <div
          class="bgAuthImage"
        />
        <form
          class="authBox"
        >
          <div
            class="authLabel"
          >
            <h1>
              Log In to Your Splice Account!
            </h1>
          </div>
          <div
            class="textbox"
          >
            <input
              name="email"
              placeholder="Email"
              type="email"
              value=""
            />
            <p />
          </div>
          <div
            class="textbox"
          >
            <input
              name="password"
              placeholder="Password"
              type="password"
              value=""
            />
            <p />
          </div>
          <div
            class="platformBtn"
          >
            <button
              class="platformBtn auth"
              type="submit"
            >
              Log In
            </button>
          </div>
          <div
            class="formFooter"
          >
            <p>
              Don't have an account?
            </p>
            <a
              class=""
              data-testid="registration-link"
              href="/registration"
            >
              Sign up?
            </a>
          </div>
        </form>
      </div>
    </div>
  </div>,
  "debug": [Function],
  "findAllByAltText": [Function],
  "findAllByDisplayValue": [Function],
  "findAllByLabelText": [Function],
  "findAllByPlaceholderText": [Function],
  "findAllByRole": [Function],
  "findAllByTestId": [Function],
  "findAllByText": [Function],
  "findAllByTitle": [Function],
  "findByAltText": [Function],
  "findByDisplayValue": [Function],
  "findByLabelText": [Function],
  "findByPlaceholderText": [Function],
  "findByRole": [Function],
  "findByTestId": [Function],
  "findByText": [Function],
  "findByTitle": [Function],
  "getAllByAltText": [Function],
  "getAllByDisplayValue": [Function],
  "getAllByLabelText": [Function],
  "getAllByPlaceholderText": [Function],
  "getAllByRole": [Function],
  "getAllByTestId": [Function],
  "getAllByText": [Function],
  "getAllByTitle": [Function],
  "getByAltText": [Function],
  "getByDisplayValue": [Function],
  "getByLabelText": [Function],
  "getByPlaceholderText": [Function],
  "getByRole": [Function],
  "getByTestId": [Function],
  "getByText": [Function],
  "getByTitle": [Function],
  "queryAllByAltText": [Function],
  "queryAllByDisplayValue": [Function],
  "queryAllByLabelText": [Function],
  "queryAllByPlaceholderText": [Function],
  "queryAllByRole": [Function],
  "queryAllByTestId": [Function],
  "queryAllByText": [Function],
  "queryAllByTitle": [Function],
  "queryByAltText": [Function],
  "queryByDisplayValue": [Function],
  "queryByLabelText": [Function],
  "queryByPlaceholderText": [Function],
  "queryByRole": [Function],
  "queryByTestId": [Function],
  "queryByText": [Function],
  "queryByTitle": [Function],
  "rerender": [Function],
  "unmount": [Function],
}
`;
